nohup: can't execute 'bash': No such file or directory

> front-end-proyecto-final@0.0.0 dev
> vite


  VITE v5.0.10  ready in 1168 ms

  ➜  Local:   http://localhost:5173/
  ➜  Network: http://172.18.0.4:5173/

> front-end-proyecto-final@0.0.0 dev
> vite


  VITE v5.0.10  ready in 2371 ms

  ➜  Local:   http://localhost:5173/
  ➜  Network: http://172.18.0.3:5173/

> front-end-proyecto-final@0.0.0 dev
> vite


  VITE v5.0.10  ready in 1931 ms

  ➜  Local:   http://localhost:5173/
  ➜  Network: http://172.18.0.4:5173/
12:31:42 AM [vite] hmr update /src/index.css, /node_modules/tailwindcss/tailwind.css, /src/pages/encuesta/AnswersSubmit.jsx, /src/pages/encuesta/QuestionsCreator.jsx
12:32:09 AM [vite] hmr update /src/index.css, /node_modules/tailwindcss/tailwind.css, /src/pages/encuesta/AnswersSubmit.jsx, /src/pages/encuesta/QuestionsCreator.jsx
12:32:15 AM [vite] hmr update /src/index.css, /node_modules/tailwindcss/tailwind.css, /src/pages/encuesta/AnswersSubmit.jsx, /src/pages/encuesta/QuestionsCreator.jsx
12:33:05 AM [vite] hmr update /src/index.css, /node_modules/tailwindcss/tailwind.css, /src/pages/encuesta/AnswersSubmit.jsx, /src/pages/encuesta/QuestionsCreator.jsx
12:33:09 AM [vite] hmr update /src/index.css, /node_modules/tailwindcss/tailwind.css, /src/pages/encuesta/AnswersSubmit.jsx, /src/pages/encuesta/QuestionsCreator.jsx
12:33:15 AM [vite] hmr update /src/index.css, /node_modules/tailwindcss/tailwind.css, /src/pages/encuesta/AnswersSubmit.jsx, /src/pages/encuesta/QuestionsCreator.jsx
12:33:35 AM [vite] hmr update /src/index.css, /node_modules/tailwindcss/tailwind.css, /src/pages/encuesta/AnswersSubmit.jsx, /src/pages/encuesta/QuestionsCreator.jsx
12:33:58 AM [vite] hmr update /src/pages/encuesta/AnswersSubmit.jsx, /src/index.css, /node_modules/tailwindcss/tailwind.css
12:36:29 AM [vite] hmr update /src/pages/encuesta/AnswersSubmit.jsx, /src/index.css, /node_modules/tailwindcss/tailwind.css
12:41:20 AM [vite] hmr update /src/pages/encuesta/AnswersSubmit.jsx, /src/index.css, /node_modules/tailwindcss/tailwind.css
1:15:33 AM [vite] hmr update /src/components/RequiredQuestionComponent.jsx, /src/index.css, /node_modules/tailwindcss/tailwind.css
1:21:34 AM [vite] hmr update /src/components/QuestionIteratorComponent.jsx, /src/index.css, /node_modules/tailwindcss/tailwind.css
1:21:34 AM [vite] Internal server error: 
  [31mx[0m Expected ident
    ,-[[36;1;4m/react-app/src/components/QuestionIteratorComponent.jsx[0m:22:1]
 [2m22[0m |   renderForAnswer,
 [2m23[0m | }) => {
 [2m24[0m |   const 
 [2m25[0m |   const prevQuestionsRef = useRef(questions);
    : [31;1m  ^^^^^[0m
 [2m26[0m | 
 [2m27[0m |   useEffect(() => {
 [2m27[0m |     const prevQuestions = prevQuestionsRef.current;
    `----


Caused by:
    Syntax Error
  Plugin: vite:react-swc
  File: /react-app/src/components/QuestionIteratorComponent.jsx
  
1:21:53 AM [vite] hmr update /src/components/QuestionIteratorComponent.jsx, /src/index.css, /node_modules/tailwindcss/tailwind.css
1:25:24 AM [vite] hmr update /src/components/QuestionIteratorComponent.jsx, /src/index.css, /node_modules/tailwindcss/tailwind.css
1:26:17 AM [vite] hmr update /src/components/QuestionIteratorComponent.jsx, /src/index.css, /node_modules/tailwindcss/tailwind.css
1:26:58 AM [vite] hmr update /src/components/QuestionIteratorComponent.jsx, /src/index.css, /node_modules/tailwindcss/tailwind.css
1:28:20 AM [vite] hmr update /src/components/QuestionIteratorComponent.jsx, /src/index.css, /node_modules/tailwindcss/tailwind.css

> front-end-proyecto-final@0.0.0 dev
> vite


  VITE v5.0.10  ready in 1686 ms

  ➜  Local:   http://localhost:5173/
  ➜  Network: http://172.18.0.4:5173/
3:30:21 PM [vite] hmr update /src/pages/encuesta/AnswersSubmit.jsx, /src/index.css, /node_modules/tailwindcss/tailwind.css
3:31:20 PM [vite] hmr update /src/index.css, /node_modules/tailwindcss/tailwind.css, /src/pages/encuesta/AnswersSubmit.jsx, /src/pages/encuesta/QuestionsCreator.jsx
3:32:35 PM [vite] hmr update /src/pages/encuesta/QuestionsCreator.jsx, /src/index.css, /node_modules/tailwindcss/tailwind.css
3:45:36 PM [vite] hmr update /src/index.css, /node_modules/tailwindcss/tailwind.css, /src/pages/encuesta/AnswersSubmit.jsx, /src/pages/encuesta/QuestionsCreator.jsx
3:45:47 PM [vite] hmr update /src/index.css, /node_modules/tailwindcss/tailwind.css, /src/pages/encuesta/AnswersSubmit.jsx, /src/pages/encuesta/QuestionsCreator.jsx
3:46:06 PM [vite] hmr update /src/index.css, /node_modules/tailwindcss/tailwind.css, /src/pages/encuesta/AnswersSubmit.jsx, /src/pages/encuesta/QuestionsCreator.jsx
3:47:55 PM [vite] hmr update /src/pages/encuesta/QuestionsCreator.jsx, /src/index.css, /node_modules/tailwindcss/tailwind.css
3:47:55 PM [vite] Internal server error: 
  [31mx[0m Expression expected
    ,-[[36;1;4m/react-app/src/pages/encuesta/QuestionsCreator.jsx[0m:80:1]
 [2m80[0m |       const questionData = {
 [2m81[0m |         id: question.id,
 [2m82[0m |         id_encuesta: encuestaId,
 [2m83[0m |         id_orden:,
    : [31;1m                 ^[0m
 [2m84[0m |         title: question.title,
 [2m85[0m |         type: question.type,
 [2m85[0m |         options: question.options || [],
    `----


Caused by:
    Syntax Error
  Plugin: vite:react-swc
  File: /react-app/src/pages/encuesta/QuestionsCreator.jsx
  
3:48:46 PM [vite] hmr update /src/pages/encuesta/QuestionsCreator.jsx, /src/index.css, /node_modules/tailwindcss/tailwind.css
3:51:56 PM [vite] hmr update /src/index.css, /node_modules/tailwindcss/tailwind.css, /src/pages/encuesta/AnswersSubmit.jsx, /src/pages/encuesta/QuestionsCreator.jsx
4:05:44 PM [vite] hmr update /src/pages/encuesta/QuestionsCreator.jsx, /src/index.css, /node_modules/tailwindcss/tailwind.css
4:09:53 PM [vite] hmr update /src/pages/encuesta/QuestionsCreator.jsx, /src/index.css, /node_modules/tailwindcss/tailwind.css

> front-end-proyecto-final@0.0.0 dev
> vite


  VITE v5.0.10  ready in 3505 ms

  ➜  Local:   http://localhost:5173/
  ➜  Network: http://172.18.0.4:5173/

> front-end-proyecto-final@0.0.0 dev
> vite


  VITE v5.0.10  ready in 3509 ms

  ➜  Local:   http://localhost:5173/
  ➜  Network: http://172.18.0.3:5173/

> front-end-proyecto-final@0.0.0 dev
> vite


  VITE v5.0.10  ready in 2072 ms

  ➜  Local:   http://localhost:5173/
  ➜  Network: http://172.18.0.3:5173/

> front-end-proyecto-final@0.0.0 dev
> vite


  VITE v5.0.10  ready in 1952 ms

  ➜  Local:   http://localhost:5173/
  ➜  Network: http://172.18.0.4:5173/

> front-end-proyecto-final@0.0.0 dev
> vite


  VITE v5.0.10  ready in 2031 ms

  ➜  Local:   http://localhost:5173/
  ➜  Network: http://172.18.0.4:5173/

> front-end-proyecto-final@0.0.0 dev
> vite


  VITE v5.0.10  ready in 1950 ms

  ➜  Local:   http://localhost:5173/
  ➜  Network: http://172.18.0.3:5173/

> front-end-proyecto-final@0.0.0 dev
> vite


  VITE v5.0.10  ready in 1765 ms

  ➜  Local:   http://localhost:5173/
  ➜  Network: http://172.18.0.3:5173/

> front-end-proyecto-final@0.0.0 dev
> vite


  VITE v5.0.10  ready in 1984 ms

  ➜  Local:   http://localhost:5173/
  ➜  Network: http://172.25.0.4:5173/
